Archive member included to satisfy reference by file (symbol)

C:/ST/STM32CubeIDE_1.19.0/STM32CubeIDE/plugins/com.st.stm32cube.ide.mcu.externaltools.gnu-tools-for-stm32.13.3.rel1.win32_1.0.0.202411081344/tools/bin/../lib/gcc/arm-none-eabi/13.3.1/../../../../arm-none-eabi/lib/thumb/v7-m/nofp\libc_nano.a(libc_a-exit.o)
                              C:/ST/STM32CubeIDE_1.19.0/STM32CubeIDE/plugins/com.st.stm32cube.ide.mcu.externaltools.gnu-tools-for-stm32.13.3.rel1.win32_1.0.0.202411081344/tools/bin/../lib/gcc/arm-none-eabi/13.3.1/../../../../arm-none-eabi/lib/thumb/v7-m/nofp/crt0.o (exit)
C:/ST/STM32CubeIDE_1.19.0/STM32CubeIDE/plugins/com.st.stm32cube.ide.mcu.externaltools.gnu-tools-for-stm32.13.3.rel1.win32_1.0.0.202411081344/tools/bin/../lib/gcc/arm-none-eabi/13.3.1/../../../../arm-none-eabi/lib/thumb/v7-m/nofp\libc_nano.a(libc_a-findfp.o)
                              C:/ST/STM32CubeIDE_1.19.0/STM32CubeIDE/plugins/com.st.stm32cube.ide.mcu.externaltools.gnu-tools-for-stm32.13.3.rel1.win32_1.0.0.202411081344/tools/bin/../lib/gcc/arm-none-eabi/13.3.1/../../../../arm-none-eabi/lib/thumb/v7-m/nofp\libc_nano.a(libc_a-exit.o) (__stdio_exit_handler)
C:/ST/STM32CubeIDE_1.19.0/STM32CubeIDE/plugins/com.st.stm32cube.ide.mcu.externaltools.gnu-tools-for-stm32.13.3.rel1.win32_1.0.0.202411081344/tools/bin/../lib/gcc/arm-none-eabi/13.3.1/../../../../arm-none-eabi/lib/thumb/v7-m/nofp\libc_nano.a(libc_a-fwalk.o)
                              C:/ST/STM32CubeIDE_1.19.0/STM32CubeIDE/plugins/com.st.stm32cube.ide.mcu.externaltools.gnu-tools-for-stm32.13.3.rel1.win32_1.0.0.202411081344/tools/bin/../lib/gcc/arm-none-eabi/13.3.1/../../../../arm-none-eabi/lib/thumb/v7-m/nofp\libc_nano.a(libc_a-findfp.o) (_fwalk_sglue)
C:/ST/STM32CubeIDE_1.19.0/STM32CubeIDE/plugins/com.st.stm32cube.ide.mcu.externaltools.gnu-tools-for-stm32.13.3.rel1.win32_1.0.0.202411081344/tools/bin/../lib/gcc/arm-none-eabi/13.3.1/../../../../arm-none-eabi/lib/thumb/v7-m/nofp\libc_nano.a(libc_a-stdio.o)
                              C:/ST/STM32CubeIDE_1.19.0/STM32CubeIDE/plugins/com.st.stm32cube.ide.mcu.externaltools.gnu-tools-for-stm32.13.3.rel1.win32_1.0.0.202411081344/tools/bin/../lib/gcc/arm-none-eabi/13.3.1/../../../../arm-none-eabi/lib/thumb/v7-m/nofp\libc_nano.a(libc_a-findfp.o) (__sread)
C:/ST/STM32CubeIDE_1.19.0/STM32CubeIDE/plugins/com.st.stm32cube.ide.mcu.externaltools.gnu-tools-for-stm32.13.3.rel1.win32_1.0.0.202411081344/tools/bin/../lib/gcc/arm-none-eabi/13.3.1/../../../../arm-none-eabi/lib/thumb/v7-m/nofp\libc_nano.a(libc_a-memset.o)
                              C:/ST/STM32CubeIDE_1.19.0/STM32CubeIDE/plugins/com.st.stm32cube.ide.mcu.externaltools.gnu-tools-for-stm32.13.3.rel1.win32_1.0.0.202411081344/tools/bin/../lib/gcc/arm-none-eabi/13.3.1/../../../../arm-none-eabi/lib/thumb/v7-m/nofp/crt0.o (memset)
C:/ST/STM32CubeIDE_1.19.0/STM32CubeIDE/plugins/com.st.stm32cube.ide.mcu.externaltools.gnu-tools-for-stm32.13.3.rel1.win32_1.0.0.202411081344/tools/bin/../lib/gcc/arm-none-eabi/13.3.1/../../../../arm-none-eabi/lib/thumb/v7-m/nofp\libc_nano.a(libc_a-strncpy.o)
                              ./Core/Src/main.o (strncpy)
C:/ST/STM32CubeIDE_1.19.0/STM32CubeIDE/plugins/com.st.stm32cube.ide.mcu.externaltools.gnu-tools-for-stm32.13.3.rel1.win32_1.0.0.202411081344/tools/bin/../lib/gcc/arm-none-eabi/13.3.1/../../../../arm-none-eabi/lib/thumb/v7-m/nofp\libc_nano.a(libc_a-closer.o)
                              C:/ST/STM32CubeIDE_1.19.0/STM32CubeIDE/plugins/com.st.stm32cube.ide.mcu.externaltools.gnu-tools-for-stm32.13.3.rel1.win32_1.0.0.202411081344/tools/bin/../lib/gcc/arm-none-eabi/13.3.1/../../../../arm-none-eabi/lib/thumb/v7-m/nofp\libc_nano.a(libc_a-stdio.o) (_close_r)
C:/ST/STM32CubeIDE_1.19.0/STM32CubeIDE/plugins/com.st.stm32cube.ide.mcu.externaltools.gnu-tools-for-stm32.13.3.rel1.win32_1.0.0.202411081344/tools/bin/../lib/gcc/arm-none-eabi/13.3.1/../../../../arm-none-eabi/lib/thumb/v7-m/nofp\libc_nano.a(libc_a-reent.o)
                              C:/ST/STM32CubeIDE_1.19.0/STM32CubeIDE/plugins/com.st.stm32cube.ide.mcu.externaltools.gnu-tools-for-stm32.13.3.rel1.win32_1.0.0.202411081344/tools/bin/../lib/gcc/arm-none-eabi/13.3.1/../../../../arm-none-eabi/lib/thumb/v7-m/nofp\libc_nano.a(libc_a-closer.o) (errno)
C:/ST/STM32CubeIDE_1.19.0/STM32CubeIDE/plugins/com.st.stm32cube.ide.mcu.externaltools.gnu-tools-for-stm32.13.3.rel1.win32_1.0.0.202411081344/tools/bin/../lib/gcc/arm-none-eabi/13.3.1/../../../../arm-none-eabi/lib/thumb/v7-m/nofp\libc_nano.a(libc_a-impure.o)
                              C:/ST/STM32CubeIDE_1.19.0/STM32CubeIDE/plugins/com.st.stm32cube.ide.mcu.externaltools.gnu-tools-for-stm32.13.3.rel1.win32_1.0.0.202411081344/tools/bin/../lib/gcc/arm-none-eabi/13.3.1/../../../../arm-none-eabi/lib/thumb/v7-m/nofp\libc_nano.a(libc_a-reent.o) (_impure_ptr)
[...]
Memory Configuration

Name             Origin             Length             Attributes
RAM              0x20000000         0x00005000         xrw
FLASH            0x08000000         0x00010000         xr
*default*        0x00000000         0xffffffff

Linker script and memory map

LOAD C:/ST/STM32CubeIDE_1.19.0/STM32CubeIDE/plugins/com.st.stm32cube.ide.mcu.externaltools.gnu-tools-for-stm32.13.3.rel1.win32_1.0.0.202411081344/tools/bin/../lib/gcc/arm-none-eabi/13.3.1/thumb/v7-m/nofp/crti.o
LOAD C:/ST/STM32CubeIDE_1.19.0/STM32CubeIDE/plugins/com.st.stm32cube.ide.mcu.externaltools.gnu-tools-for-stm32.13.3.rel1.win32_1.0.0.202411081344/tools/bin/../lib/gcc/arm-none-eabi/13.3.1/thumb/v7-m/nofp/crtbegin.o
LOAD C:/ST/STM32CubeIDE_1.19.0/STM32CubeIDE/plugins/com.st.stm32cube.ide.mcu.externaltools.gnu-tools-for-stm32.13.3.rel1.win32_1.0.0.202411081344/tools/bin/../lib/gcc/arm-none-eabi/13.3.1/../../../../arm-none-eabi/lib/thumb/v7-m/nofp/crt0.o
LOAD ./Core/Src/main.o
LOAD ./Core/Src/nrf24l01.o
LOAD ./Core/Src/ssd1306.o
LOAD ./Core/Src/stm32f1xx_hal_msp.o
LOAD ./Core/Src/stm32f1xx_it.o
LOAD ./Core/Src/syscalls.o
LOAD ./Core/Src/sysmem.o
LOAD ./Core/Src/system_stm32f1xx.o
LOAD ./Core/Startup/startup_stm32f103c8tx.o
LOAD ./Drivers/STM32F1xx_HAL_Driver/Src/stm32f1xx_hal.o
LOAD ./Drivers/STM32F1xx_HAL_Driver/Src/stm32f1xx_hal_cortex.o
LOAD ./Drivers/STM32F1xx_HAL_Driver/Src/stm32f1xx_hal_dma.o
LOAD ./Drivers/STM32F1xx_HAL_Driver/Src/stm32f1xx_hal_exti.o
LOAD ./Drivers/STM32F1xx_HAL_Driver/Src/stm32f1xx_hal_flash.o
LOAD ./Drivers/STM32F1xx_HAL_Driver/Src/stm32f1xx_hal_flash_ex.o
LOAD ./Drivers/STM32F1xx_HAL_Driver/Src/stm32f1xx_hal_gpio.o
LOAD ./Drivers/STM32F1xx_HAL_Driver/Src/stm32f1xx_hal_gpio_ex.o
LOAD ./Drivers/STM32F1xx_HAL_Driver/Src/stm32f1xx_hal_i2c.o
LOAD ./Drivers/STM32F1xx_HAL_Driver/Src/stm32f1xx_hal_pwr.o
LOAD ./Drivers/STM32F1xx_HAL_Driver/Src/stm32f1xx_hal_rcc.o
LOAD ./Drivers/STM32F1xx_HAL_Driver/Src/stm32f1xx_hal_rcc_ex.o
LOAD ./Drivers/STM32F1xx_HAL_Driver/Src/stm32f1xx_hal_rtc.o
LOAD ./Drivers/STM32F1xx_HAL_Driver/Src/stm32f1xx_hal_rtc_ex.o
LOAD ./Drivers/STM32F1xx_HAL_Driver/Src/stm32f1xx_hal_spi.o
LOAD ./Drivers/STM32F1xx_HAL_Driver/Src/stm32f1xx_hal_tim.o
LOAD ./Drivers/STM32F1xx_HAL_Driver/Src/stm32f1xx_hal_tim_ex.o
START GROUP
LOAD C:/ST/STM32CubeIDE_1.19.0/STM32CubeIDE/plugins/com.st.stm32cube.ide.mcu.externaltools.gnu-tools-for-stm32.13.3.rel1.win32_1.0.0.202411081344/tools/bin/../lib/gcc/arm-none-eabi/13.3.1/../../../../arm-none-eabi/lib/thumb/v7-m/nofp\libc_nano.a
LOAD C:/ST/STM32CubeIDE_1.19.0/STM32CubeIDE/plugins/com.st.stm32cube.ide.mcu.externaltools.gnu-tools-for-stm32.13.3.rel1.win32_1.0.0.202411081344/tools/bin/../lib/gcc/arm-none-eabi/13.3.1/../../../../arm-none-eabi/lib/thumb/v7-m/nofp\libm.a
END GROUP
START GROUP
LOAD C:/ST/STM32CubeIDE_1.19.0/STM32CubeIDE/plugins/com.st.stm32cube.ide.mcu.externaltools.gnu-tools-for-stm32.13.3.rel1.win32_1.0.0.202411081344/tools/bin/../lib/gcc/arm-none-eabi/13.3.1/thumb/v7-m/nofp\libgcc.a
LOAD C:/ST/STM32CubeIDE_1.19.0/STM32CubeIDE/plugins/com.st.stm32cube.ide.mcu.externaltools.gnu-tools-for-stm32.13.3.rel1.win32_1.0.0.202411081344/tools/bin/../lib/gcc/arm-none-eabi/13.3.1/../../../../arm-none-eabi/lib/thumb/v7-m/nofp\libc_nano.a
END GROUP
START GROUP
LOAD C:/ST/STM32CubeIDE_1.19.0/STM32CubeIDE/plugins/com.st.stm32cube.ide.mcu.externaltools.gnu-tools-for-stm32.13.3.rel1.win32_1.0.0.202411081344/tools/bin/../lib/gcc/arm-none-eabi/13.3.1/thumb/v7-m/nofp\libgcc.a
LOAD C:/ST/STM32CubeIDE_1.19.0/STM32CubeIDE/plugins/com.st.stm32cube.ide.mcu.externaltools.gnu-tools-for-stm32.13.3.rel1.win32_1.0.0.202411081344/tools/bin/../lib/gcc/arm-none-eabi/13.3.1/../../../../arm-none-eabi/lib/thumb/v7-m/nofp\libc_nano.a
LOAD C:/ST/STM32CubeIDE_1.19.0/STM32CubeIDE/plugins/com.st.stm32cube.ide.mcu.externaltools.gnu-tools-for-stm32.13.3.rel1.win32_1.0.0.202411081344/tools/bin/../lib/gcc/arm-none-eabi/13.3.1/../../../../arm-none-eabi/lib/thumb/v7-m/nofp\libnosys.a
END GROUP
START GROUP
LOAD C:/ST/STM32CubeIDE_1.19.0/STM32CubeIDE/plugins/com.st.stm32cube.ide.mcu.externaltools.gnu-tools-for-stm32.13.3.rel1.win32_1.0.0.202411081344/tools/bin/../lib/gcc/arm-none-eabi/13.3.1/thumb/v7-m/nofp\libgcc.a
LOAD C:/ST/STM32CubeIDE_1.19.0/STM32CubeIDE/plugins/com.st.stm32cube.ide.mcu.externaltools.gnu-tools-for-stm32.13.3.rel1.win32_1.0.0.202411081344/tools/bin/../lib/gcc/arm-none-eabi/13.3.1/../../../../arm-none-eabi/lib/thumb/v7-m/nofp\libc_nano.a
LOAD C:/ST/STM32CubeIDE_1.19.0/STM32CubeIDE/plugins/com.st.stm32cube.ide.mcu.externaltools.gnu-tools-for-stm32.13.3.rel1.win32_1.0.0.202411081344/tools/bin/../lib/gcc/arm-none-eabi/13.3.1/../../../../arm-none-eabi/lib/thumb/v7-m/nofp\libnosys.a
END GROUP
LOAD C:/ST/STM32CubeIDE_1.19.0/STM32CubeIDE/plugins/com.st.stm32cube.ide.mcu.externaltools.gnu-tools-for-stm32.13.3.rel1.win32_1.0.0.202411081344/tools/bin/../lib/gcc/arm-none-eabi/13.3.1/thumb/v7-m/nofp/crtend.o
LOAD C:/ST/STM32CubeIDE_1.19.0/STM32CubeIDE/plugins/com.st.stm32cube.ide.mcu.externaltools.gnu-tools-for-stm32.13.3.rel1.win32_1.0.0.202411081344/tools/bin/../lib/gcc/arm-none-eabi/13.3.1/thumb/v7-m/nofp/crtn.o
                0x20005000                        _estack = (ORIGIN (RAM) + LENGTH (RAM))
                0x00000200                        _Min_Heap_Size = 0x200
                0x00000400                        _Min_Stack_Size = 0x400

.isr_vector     0x08000000      0x10c
                0x08000000                        . = ALIGN (0x4)
 *(.isr_vector)
 .isr_vector    0x08000000      0x10c ./Core/Startup/startup_stm32f103c8tx.o
                0x08000000                g_pfnVectors
                0x0800010c                        . = ALIGN (0x4)

.text           0x0800010c     0x430c
                0x0800010c                        . = ALIGN (0x4)
 *(.text)
 .text          0x0800010c       0x40 C:/ST/STM32CubeIDE_1.19.0/STM32CubeIDE/plugins/com.st.stm32cube.ide.mcu.externaltools.gnu-tools-for-stm32.13.3.rel1.win32_1.0.0.202411081344/tools/bin/../lib/gcc/arm-none-eabi/13.3.1/thumb/v7-m/nofp/crtbegin.o
 *(.text*)
 .text.main     0x0800014c       0xdc ./Core/Src/main.o
                0x0800014c                main
 .text.SystemClock_Config
                0x08000228       0xb8 ./Core/Src/main.o
                0x08000228                SystemClock_Config
 .text.MX_I2C1_Init
                0x080002e0       0x5c ./Core/Src/main.o
 .text.MX_RTC_Init
                0x0800033c       0x94 ./Core/Src/main.o
 .text.MX_SPI1_Init
                0x080003d0       0x6c ./Core/Src/main.o
 .text.MX_TIM4_Init
                0x0800043c       0x9c ./Core/Src/main.o
 .text.MX_GPIO_Init
                0x080004d8       0xd4 ./Core/Src/main.o
 .text.PCA9548A_Select
                0x080005ac       0x3c ./Core/Src/main.o
 .text.RX_ResetFrame
                0x080005e8       0x70 ./Core/Src/main.o
 .text.OLED_ShowTokenRange
                0x08000658       0x7c ./Core/Src/main.o
 .text.RX_HandlePacket
                0x080006d4       0xd4 ./Core/Src/main.o
 .text.OLED_UpdateTwoScreens
                0x080007a8       0x40 ./Core/Src/main.o
 .text.Error_Handler
                0x080007e8        0xc ./Core/Src/main.o
                0x080007e8                Error_Handler
 .text.csn_low  0x080007f4       0x20 ./Core/Src/nrf24l01.o
 .text.csn_high
                0x08000814       0x20 ./Core/Src/nrf24l01.o
 .text.ce_low   0x08000834       0x20 ./Core/Src/nrf24l01.o
 .text.ce_high  0x08000854       0x20 ./Core/Src/nrf24l01.o
 .text.spi_rw   0x08000874       0x2e ./Core/Src/nrf24l01.o
 .text.read_reg
                0x080008a2       0x3e ./Core/Src/nrf24l01.o
 .text.write_reg
                0x080008e0       0x48 ./Core/Src/nrf24l01.o
 .text.write_buf
                0x08000928       0x66 ./Core/Src/nrf24l01.o
 .text.cmd      0x0800098e       0x2a ./Core/Src/nrf24l01.o
 .text.clear_irqs
                0x080009b8       0x1a ./Core/Src/nrf24l01.o
 .text.NRF24_Begin
                0x080009d2       0x46 ./Core/Src/nrf24l01.o
                0x080009d2                NRF24_Begin
 .text.common_radio_setup
                0x08000a18       0xb2 ./Core/Src/nrf24l01.o
 .text.NRF24_InitRX
                0x08000aca       0x38 ./Core/Src/nrf24l01.o
                0x08000aca                NRF24_InitRX
 .text.NRF24_Available
                0x08000b02       0x2c ./Core/Src/nrf24l01.o
                0x08000b02                NRF24_Available
 .text.NRF24_Read
                0x08000b2e       0x62 ./Core/Src/nrf24l01.o
                0x08000b2e                NRF24_Read
 .text.ssd1306_write_command
                0x08000b90       0x3c ./Core/Src/ssd1306.o
 .text.ssd1306_write_data
                0x08000bcc       0x70 ./Core/Src/ssd1306.o
 .text.ssd1306_reset_state
                0x08000c3c       0x24 ./Core/Src/ssd1306.o
 .text.SSD1306_Init
                0x08000c60      0x264 ./Core/Src/ssd1306.o
                0x08000c60                SSD1306_Init
 .text.SSD1306_UpdateScreen
                0x08000ec4       0x54 ./Core/Src/ssd1306.o
                0x08000ec4                SSD1306_UpdateScreen
 .text.SSD1306_Fill
                0x08000f18       0x3c ./Core/Src/ssd1306.o
                0x08000f18                SSD1306_Fill
 .text.SSD1306_SetCursor
                0x08000f54       0x2c ./Core/Src/ssd1306.o
                0x08000f54                SSD1306_SetCursor
 .text.SSD1306_DrawPixel
                0x08000f80       0xb8 ./Core/Src/ssd1306.o
                0x08000f80                SSD1306_DrawPixel
 .text.SSD1306_WriteChar
                0x08001038      0x128 ./Core/Src/ssd1306.o
                0x08001038                SSD1306_WriteChar
 .text.SSD1306_WriteString
                0x08001160       0x6c ./Core/Src/ssd1306.o
                0x08001160                SSD1306_WriteString
 .text.HAL_MspInit
                0x080011cc       0x64 ./Core/Src/stm32f1xx_hal_msp.o
                0x080011cc                HAL_MspInit
 .text.HAL_I2C_MspInit
                0x08001230       0x7c ./Core/Src/stm32f1xx_hal_msp.o
                0x08001230                HAL_I2C_MspInit
 .text.HAL_RTC_MspInit
                0x080012ac       0x48 ./Core/Src/stm32f1xx_hal_msp.o
                0x080012ac                HAL_RTC_MspInit
 .text.HAL_SPI_MspInit
                0x080012f4       0x94 ./Core/Src/stm32f1xx_hal_msp.o
                0x080012f4                HAL_SPI_MspInit
 .text.HAL_TIM_Base_MspInit
                0x08001388       0x4c ./Core/Src/stm32f1xx_hal_msp.o
                0x08001388                HAL_TIM_Base_MspInit
 .text.NMI_Handler
                0x080013d4        0x8 ./Core/Src/stm32f1xx_it.o
                0x080013d4                NMI_Handler
 .text.HardFault_Handler
                0x080013dc        0x8 ./Core/Src/stm32f1xx_it.o
                0x080013dc                HardFault_Handler
 .text.MemManage_Handler
                0x080013e4        0x8 ./Core/Src/stm32f1xx_it.o
                0x080013e4                MemManage_Handler
 .text.BusFault_Handler
                0x080013ec        0x8 ./Core/Src/stm32f1xx_it.o
                0x080013ec                BusFault_Handler
 .text.UsageFault_Handler
                0x080013f4        0x8 ./Core/Src/stm32f1xx_it.o
                0x080013f4                UsageFault_Handler
 .text.SVC_Handler
                0x080013fc        0xc ./Core/Src/stm32f1xx_it.o
                0x080013fc                SVC_Handler
 .text.DebugMon_Handler
                0x08001408        0xc ./Core/Src/stm32f1xx_it.o
                0x08001408                DebugMon_Handler
 .text.PendSV_Handler
                0x08001414        0xc ./Core/Src/stm32f1xx_it.o
                0x08001414                PendSV_Handler
 .text.SysTick_Handler
                0x08001420        0xc ./Core/Src/stm32f1xx_it.o
                0x08001420                SysTick_Handler
 .text.TIM4_IRQHandler
                0x0800142c       0x14 ./Core/Src/stm32f1xx_it.o
                0x0800142c                TIM4_IRQHandler
 .text.SystemInit
                0x08001440        0xc ./Core/Src/system_stm32f1xx.o
                0x08001440                SystemInit
 .text.Reset_Handler
                0x0800144c       0x48 ./Core/Startup/startup_stm32f103c8tx.o
                0x0800144c                Reset_Handler
 .text.Default_Handler
                0x08001494        0x2 ./Core/Startup/startup_stm32f103c8tx.o
                0x08001494                RTC_Alarm_IRQHandler
                0x08001494                EXTI2_IRQHandler
                0x08001494                TIM1_CC_IRQHandler
                0x08001494                PVD_IRQHandler
                0x08001494                EXTI3_IRQHandler
                0x08001494                EXTI0_IRQHandler
                0x08001494                I2C2_EV_IRQHandler
                0x08001494                ADC1_2_IRQHandler
                0x08001494                SPI1_IRQHandler
                0x08001494                TAMPER_IRQHandler
                0x08001494                DMA1_Channel4_IRQHandler
                0x08001494                USART3_IRQHandler
                0x08001494                RTC_IRQHandler
                0x08001494                DMA1_Channel7_IRQHandler
                0x08001494                CAN1_RX1_IRQHandler
                0x08001494                I2C1_EV_IRQHandler
                0x08001494                DMA1_Channel6_IRQHandler
                0x08001494                TIM3_IRQHandler
                0x08001494                RCC_IRQHandler
                0x08001494                TIM1_TRG_COM_IRQHandler
                0x08001494                DMA1_Channel1_IRQHandler
                0x08001494                Default_Handler
                0x08001494                EXTI15_10_IRQHandler
                0x08001494                EXTI9_5_IRQHandler
                0x08001494                SPI2_IRQHandler
                0x08001494                DMA1_Channel5_IRQHandler
                0x08001494                EXTI4_IRQHandler
                0x08001494                USB_LP_CAN1_RX0_IRQHandler
                0x08001494                USB_HP_CAN1_TX_IRQHandler
                0x08001494                DMA1_Channel3_IRQHandler
                0x08001494                TIM1_UP_IRQHandler
                0x08001494                WWDG_IRQHandler
                0x08001494                TIM2_IRQHandler
                0x08001494                TIM1_BRK_IRQHandler
                0x08001494                EXTI1_IRQHandler
                0x08001494                USART2_IRQHandler
                0x08001494                I2C2_ER_IRQHandler
                0x08001494                DMA1_Channel2_IRQHandler
                0x08001494                CAN1_SCE_IRQHandler
                0x08001494                FLASH_IRQHandler
                0x08001494                USART1_IRQHandler
                0x08001494                I2C1_ER_IRQHandler
                0x08001494                USBWakeUp_IRQHandler
 *fill*         0x08001496        0x2 
 .text.HAL_Init
                0x08001498       0x2c ./Drivers/STM32F1xx_HAL_Driver/Src/stm32f1xx_hal.o
                0x08001498                HAL_Init
 .text.HAL_InitTick
                0x080014c4       0x60 ./Drivers/STM32F1xx_HAL_Driver/Src/stm32f1xx_hal.o
                0x080014c4                HAL_InitTick
 .text.HAL_IncTick
                0x08001524       0x24 ./Drivers/STM32F1xx_HAL_Driver/Src/stm32f1xx_hal.o
                0x08001524                HAL_IncTick
 .text.HAL_GetTick
                0x08001548       0x14 ./Drivers/STM32F1xx_HAL_Driver/Src/stm32f1xx_hal.o
                0x08001548                HAL_GetTick
 .text.HAL_Delay
                0x0800155c       0x48 ./Drivers/STM32F1xx_HAL_Driver/Src/stm32f1xx_hal.o
                0x0800155c                HAL_Delay
 .text.__NVIC_SetPriorityGrouping
                0x080015a4       0x48 ./Drivers/STM32F1xx_HAL_Driver/Src/stm32f1xx_hal_cortex.o
 .text.__NVIC_GetPriorityGrouping
                0x080015ec       0x1c ./Drivers/STM32F1xx_HAL_Driver/Src/stm32f1xx_hal_cortex.o
 .text.__NVIC_EnableIRQ
                0x08001608       0x38 ./Drivers/STM32F1xx_HAL_Driver/Src/stm32f1xx_hal_cortex.o
 .text.__NVIC_SetPriority
                0x08001640       0x54 ./Drivers/STM32F1xx_HAL_Driver/Src/stm32f1xx_hal_cortex.o
 .text.NVIC_EncodePriority
                0x08001694       0x64 ./Drivers/STM32F1xx_HAL_Driver/Src/stm32f1xx_hal_cortex.o
 .text.SysTick_Config
                0x080016f8       0x44 ./Drivers/STM32F1xx_HAL_Driver/Src/stm32f1xx_hal_cortex.o
 .text.HAL_NVIC_SetPriorityGrouping
                0x0800173c       0x16 ./Drivers/STM32F1xx_HAL_Driver/Src/stm32f1xx_hal_cortex.o
                0x0800173c                HAL_NVIC_SetPriorityGrouping
 .text.HAL_NVIC_SetPriority
                0x08001752       0x38 ./Drivers/STM32F1xx_HAL_Driver/Src/stm32f1xx_hal_cortex.o
                0x08001752                HAL_NVIC_SetPriority
 .text.HAL_NVIC_EnableIRQ
                0x0800178a       0x1c ./Drivers/STM32F1xx_HAL_Driver/Src/stm32f1xx_hal_cortex.o
                0x0800178a                HAL_NVIC_EnableIRQ
 .text.HAL_SYSTICK_Config
                0x080017a6       0x18 ./Drivers/STM32F1xx_HAL_Driver/Src/stm32f1xx_hal_cortex.o
                0x080017a6                HAL_SYSTICK_Config
 *fill*         0x080017be        0x2 
 .text.HAL_GPIO_Init
                0x080017c0      0x308 ./Drivers/STM32F1xx_HAL_Driver/Src/stm32f1xx_hal_gpio.o
                0x080017c0                HAL_GPIO_Init
 .text.HAL_GPIO_WritePin
                0x08001ac8       0x30 ./Drivers/STM32F1xx_HAL_Driver/Src/stm32f1xx_hal_gpio.o
                0x08001ac8                HAL_GPIO_WritePin
 .text.HAL_I2C_Init
                0x08001af8      0x288 ./Drivers/STM32F1xx_HAL_Driver/Src/stm32f1xx_hal_i2c.o
                0x08001af8                HAL_I2C_Init
 .text.HAL_I2C_Master_Transmit
                0x08001d80      0x1fc ./Drivers/STM32F1xx_HAL_Driver/Src/stm32f1xx_hal_i2c.o
                0x08001d80                HAL_I2C_Master_Transmit
 .text.I2C_MasterRequestWrite
                0x08001f7c      0x104 ./Drivers/STM32F1xx_HAL_Driver/Src/stm32f1xx_hal_i2c.o
 .text.I2C_WaitOnFlagUntilTimeout
                0x08002080       0xf4 ./Drivers/STM32F1xx_HAL_Driver/Src/stm32f1xx_hal_i2c.o
 .text.I2C_WaitOnMasterAddressFlagUntilTimeout
                0x08002174      0x140 ./Drivers/STM32F1xx_HAL_Driver/Src/stm32f1xx_hal_i2c.o
 .text.I2C_WaitOnTXEFlagUntilTimeout
                0x080022b4       0x90 ./Drivers/STM32F1xx_HAL_Driver/Src/stm32f1xx_hal_i2c.o
 .text.I2C_WaitOnBTFFlagUntilTimeout
                0x08002344       0x90 ./Drivers/STM32F1xx_HAL_Driver/Src/stm32f1xx_hal_i2c.o
 .text.I2C_IsAcknowledgeFailed
                0x080023d4       0x5c ./Drivers/STM32F1xx_HAL_Driver/Src/stm32f1xx_hal_i2c.o
 .text.HAL_PWR_EnableBkUpAccess
                0x08002430       0x18 ./Drivers/STM32F1xx_HAL_Driver/Src/stm32f1xx_hal_pwr.o
                0x08002430                HAL_PWR_EnableBkUpAccess
 .text.HAL_RCC_OscConfig
                0x08002448      0x504 ./Drivers/STM32F1xx_HAL_Driver/Src/stm32f1xx_hal_rcc.o
                0x08002448                HAL_RCC_OscConfig
 .text.HAL_RCC_ClockConfig
                0x0800294c      0x1d4 ./Drivers/STM32F1xx_HAL_Driver/Src/stm32f1xx_hal_rcc.o
                0x0800294c                HAL_RCC_ClockConfig
 .text.HAL_RCC_GetSysClockFreq
                0x08002b20       0xa8 ./Drivers/STM32F1xx_HAL_Driver/Src/stm32f1xx_hal_rcc.o
                0x08002b20                HAL_RCC_GetSysClockFreq
 .text.HAL_RCC_GetHCLKFreq
                0x08002bc8       0x14 ./Drivers/STM32F1xx_HAL_Driver/Src/stm32f1xx_hal_rcc.o
                0x08002bc8                HAL_RCC_GetHCLKFreq
 .text.HAL_RCC_GetPCLK1Freq
                0x08002bdc       0x28 ./Drivers/STM32F1xx_HAL_Driver/Src/stm32f1xx_hal_rcc.o
                0x08002bdc                HAL_RCC_GetPCLK1Freq
 .text.HAL_RCC_GetPCLK2Freq
                0x08002c04       0x28 ./Drivers/STM32F1xx_HAL_Driver/Src/stm32f1xx_hal_rcc.o
                0x08002c04                HAL_RCC_GetPCLK2Freq
 .text.RCC_Delay
                0x08002c2c       0x3c ./Drivers/STM32F1xx_HAL_Driver/Src/stm32f1xx_hal_rcc.o
 .text.HAL_RCCEx_PeriphCLKConfig
                0x08002c68      0x16c ./Drivers/STM32F1xx_HAL_Driver/Src/stm32f1xx_hal_rcc_ex.o
                0x08002c68                HAL_RCCEx_PeriphCLKConfig
 .text.HAL_RCCEx_GetPeriphCLKFreq
                0x08002dd4      0x16c ./Drivers/STM32F1xx_HAL_Driver/Src/stm32f1xx_hal_rcc_ex.o
                0x08002dd4                HAL_RCCEx_GetPeriphCLKFreq
 .text.HAL_RTC_Init
                0x08002f40      0x118 ./Drivers/STM32F1xx_HAL_Driver/Src/stm32f1xx_hal_rtc.o
                0x08002f40                HAL_RTC_Init
 .text.HAL_RTC_SetTime
                0x08003058      0x12e ./Drivers/STM32F1xx_HAL_Driver/Src/stm32f1xx_hal_rtc.o
                0x08003058                HAL_RTC_SetTime
 *fill*         0x08003186        0x2 
 .text.HAL_RTC_SetDate
                0x08003188      0x16c ./Drivers/STM32F1xx_HAL_Driver/Src/stm32f1xx_hal_rtc.o
                0x08003188                HAL_RTC_SetDate
 .text.HAL_RTC_WaitForSynchro
                0x080032f4       0x5a ./Drivers/STM32F1xx_HAL_Driver/Src/stm32f1xx_hal_rtc.o
                0x080032f4                HAL_RTC_WaitForSynchro
 .text.RTC_ReadTimeCounter
                0x0800334e       0x60 ./Drivers/STM32F1xx_HAL_Driver/Src/stm32f1xx_hal_rtc.o
 .text.RTC_WriteTimeCounter
                0x080033ae       0x4e ./Drivers/STM32F1xx_HAL_Driver/Src/stm32f1xx_hal_rtc.o
 .text.RTC_ReadAlarmCounter
                0x080033fc       0x32 ./Drivers/STM32F1xx_HAL_Driver/Src/stm32f1xx_hal_rtc.o
 .text.RTC_WriteAlarmCounter
                0x0800342e       0x4e ./Drivers/STM32F1xx_HAL_Driver/Src/stm32f1xx_hal_rtc.o
 .text.RTC_EnterInitMode
                0x0800347c       0x50 ./Drivers/STM32F1xx_HAL_Driver/Src/stm32f1xx_hal_rtc.o
 .text.RTC_ExitInitMode
                0x080034cc       0x50 ./Drivers/STM32F1xx_HAL_Driver/Src/stm32f1xx_hal_rtc.o
 .text.RTC_Bcd2ToByte
                0x0800351c       0x3a ./Drivers/STM32F1xx_HAL_Driver/Src/stm32f1xx_hal_rtc.o
 *fill*         0x08003556        0x2 
 .text.RTC_WeekDayNum
                0x08003558       0xf0 ./Drivers/STM32F1xx_HAL_Driver/Src/stm32f1xx_hal_rtc.o
 .text.HAL_SPI_Init
                0x08003648      0x108 ./Drivers/STM32F1xx_HAL_Driver/Src/stm32f1xx_hal_spi.o
                0x08003648                HAL_SPI_Init
 .text.HAL_SPI_TransmitReceive
                0x08003750      0x352 ./Drivers/STM32F1xx_HAL_Driver/Src/stm32f1xx_hal_spi.o
                0x08003750                HAL_SPI_TransmitReceive
 *fill*         0x08003aa2        0x2 
 .text.SPI_WaitFlagStateUntilTimeout
                0x08003aa4      0x110 ./Drivers/STM32F1xx_HAL_Driver/Src/stm32f1xx_hal_spi.o
 .text.SPI_EndRxTxTransaction
                0x08003bb4       0x62 ./Drivers/STM32F1xx_HAL_Driver/Src/stm32f1xx_hal_spi.o
 .text.HAL_TIM_Base_Init
                0x08003c16       0x9e ./Drivers/STM32F1xx_HAL_Driver/Src/stm32f1xx_hal_tim.o
                0x08003c16                HAL_TIM_Base_Init
 .text.HAL_TIM_IRQHandler
                0x08003cb4      0x1e0 ./Drivers/STM32F1xx_HAL_Driver/Src/stm32f1xx_hal_tim.o
                0x08003cb4                HAL_TIM_IRQHandler
 .text.HAL_TIM_ConfigClockSource
                0x08003e94      0x18e ./Drivers/STM32F1xx_HAL_Driver/Src/stm32f1xx_hal_tim.o
                0x08003e94                HAL_TIM_ConfigClockSource
 .text.HAL_TIM_PeriodElapsedCallback
                0x08004022       0x12 ./Drivers/STM32F1xx_HAL_Driver/Src/stm32f1xx_hal_tim.o
                0x08004022                HAL_TIM_PeriodElapsedCallback
 .text.HAL_TIM_OC_DelayElapsedCallback
                0x08004034       0x12 ./Drivers/STM32F1xx_HAL_Driver/Src/stm32f1xx_hal_tim.o
                0x08004034                HAL_TIM_OC_DelayElapsedCallback
 .text.HAL_TIM_IC_CaptureCallback
                0x08004046       0x12 ./Drivers/STM32F1xx_HAL_Driver/Src/stm32f1xx_hal_tim.o
                0x08004046                HAL_TIM_IC_CaptureCallback
 .text.HAL_TIM_PWM_PulseFinishedCallback
                0x08004058       0x12 ./Drivers/STM32F1xx_HAL_Driver/Src/stm32f1xx_hal_tim.o
                0x08004058                HAL_TIM_PWM_PulseFinishedCallback
 .text.HAL_TIM_TriggerCallback
                0x0800406a       0x12 ./Drivers/STM32F1xx_HAL_Driver/Src/stm32f1xx_hal_tim.o
                0x0800406a                HAL_TIM_TriggerCallback
 .text.TIM_Base_SetConfig
                0x0800407c       0xdc ./Drivers/STM32F1xx_HAL_Driver/Src/stm32f1xx_hal_tim.o
                0x0800407c                TIM_Base_SetConfig
 .text.TIM_TI1_ConfigInputStage
                0x08004158       0x5c ./Drivers/STM32F1xx_HAL_Driver/Src/stm32f1xx_hal_tim.o
 .text.TIM_TI2_ConfigInputStage
                0x080041b4       0x5e ./Drivers/STM32F1xx_HAL_Driver/Src/stm32f1xx_hal_tim.o
 .text.TIM_ITRx_SetConfig
                0x08004212       0x34 ./Drivers/STM32F1xx_HAL_Driver/Src/stm32f1xx_hal_tim.o
 .text.TIM_ETR_SetConfig
                0x08004246       0x3e ./Drivers/STM32F1xx_HAL_Driver/Src/stm32f1xx_hal_tim.o
                0x08004246                TIM_ETR_SetConfig
 .text.HAL_TIMEx_MasterConfigSynchronization
                0x08004284       0xbc ./Drivers/STM32F1xx_HAL_Driver/Src/stm32f1xx_hal_tim_ex.o
                0x08004284                HAL_TIMEx_MasterConfigSynchronization
 .text.HAL_TIMEx_CommutCallback
                0x08004340       0x12 ./Drivers/STM32F1xx_HAL_Driver/Src/stm32f1xx_hal_tim_ex.o
                0x08004340                HAL_TIMEx_CommutCallback
 .text.HAL_TIMEx_BreakCallback
                0x08004352       0x12 ./Drivers/STM32F1xx_HAL_Driver/Src/stm32f1xx_hal_tim_ex.o
                0x08004352                HAL_TIMEx_BreakCallback
 .text.memset   0x08004364       0x10 C:/ST/STM32CubeIDE_1.19.0/STM32CubeIDE/plugins/com.st.stm32cube.ide.mcu.externaltools.gnu-tools-for-stm32.13.3.rel1.win32_1.0.0.202411081344/tools/bin/../lib/gcc/arm-none-eabi/13.3.1/../../../../arm-none-eabi/lib/thumb/v7-m/nofp\libc_nano.a(libc_a-memset.o)
                0x08004364                memset
 .text.strncpy  0x08004374       0x26 C:/ST/STM32CubeIDE_1.19.0/STM32CubeIDE/plugins/com.st.stm32cube.ide.mcu.externaltools.gnu-tools-for-stm32.13.3.rel1.win32_1.0.0.202411081344/tools/bin/../lib/gcc/arm-none-eabi/13.3.1/../../../../arm-none-eabi/lib/thumb/v7-m/nofp\libc_nano.a(libc_a-strncpy.o)
                0x08004374                strncpy
 *fill*         0x0800439a        0x2 
 .text.__libc_init_array
                0x0800439c       0x48 C:/ST/STM32CubeIDE_1.19.0/STM32CubeIDE/plugins/com.st.stm32cube.ide.mcu.externaltools.gnu-tools-for-stm32.13.3.rel1.win32_1.0.0.202411081344/tools/bin/../lib/gcc/arm-none-eabi/13.3.1/../../../../arm-none-eabi/lib/thumb/v7-m/nofp\libc_nano.a(libc_a-init.o)
                0x0800439c                __libc_init_array
 .text.memcpy   0x080043e4       0x1c C:/ST/STM32CubeIDE_1.19.0/STM32CubeIDE/plugins/com.st.stm32cube.ide.mcu.externaltools.gnu-tools-for-stm32.13.3.rel1.win32_1.0.0.202411081344/tools/bin/../lib/gcc/arm-none-eabi/13.3.1/../../../../arm-none-eabi/lib/thumb/v7-m/nofp\libc_nano.a(libc_a-memcpy-stub.o)
                0x080043e4                memcpy
 *(.glue_7)
 .glue_7        0x08004400        0x0 linker stubs
 *(.glue_7t)
 .glue_7t       0x08004400        0x0 linker stubs
 *(.eh_frame)
 .eh_frame      0x08004400        0x0 C:/ST/STM32CubeIDE_1.19.0/STM32CubeIDE/plugins/com.st.stm32cube.ide.mcu.externaltools.gnu-tools-for-stm32.13.3.rel1.win32_1.0.0.202411081344/tools/bin/../lib/gcc/arm-none-eabi/13.3.1/thumb/v7-m/nofp/crtbegin.o
 *(.init)
 .init          0x08004400        0x4 C:/ST/STM32CubeIDE_1.19.0/STM32CubeIDE/plugins/com.st.stm32cube.ide.mcu.externaltools.gnu-tools-for-stm32.13.3.rel1.win32_1.0.0.202411081344/tools/bin/../lib/gcc/arm-none-eabi/13.3.1/thumb/v7-m/nofp/crti.o
                0x08004400                _init
 .init          0x08004404        0x8 C:/ST/STM32CubeIDE_1.19.0/STM32CubeIDE/plugins/com.st.stm32cube.ide.mcu.externaltools.gnu-tools-for-stm32.13.3.rel1.win32_1.0.0.202411081344/tools/bin/../lib/gcc/arm-none-eabi/13.3.1/thumb/v7-m/nofp/crtn.o
 *(.fini)
 .fini          0x0800440c        0x4 C:/ST/STM32CubeIDE_1.19.0/STM32CubeIDE/plugins/com.st.stm32cube.ide.mcu.externaltools.gnu-tools-for-stm32.13.3.rel1.win32_1.0.0.202411081344/tools/bin/../lib/gcc/arm-none-eabi/13.3.1/thumb/v7-m/nofp/crti.o
                0x0800440c                _fini
 .fini          0x08004410        0x8 C:/ST/STM32CubeIDE_1.19.0/STM32CubeIDE/plugins/com.st.stm32cube.ide.mcu.externaltools.gnu-tools-for-stm32.13.3.rel1.win32_1.0.0.202411081344/tools/bin/../lib/gcc/arm-none-eabi/13.3.1/thumb/v7-m/nofp/crtn.o
                0x08004418                        . = ALIGN (0x4)
                0x08004418                        _etext = .

.vfp11_veneer   0x08004418        0x0
 .vfp11_veneer  0x08004418        0x0 linker stubs

.v4_bx          0x08004418        0x0
 .v4_bx         0x08004418        0x0 linker stubs

.iplt           0x08004418        0x0
 .iplt          0x08004418        0x0 C:/ST/STM32CubeIDE_1.19.0/STM32CubeIDE/plugins/com.st.stm32cube.ide.mcu.externaltools.gnu-tools-for-stm32.13.3.rel1.win32_1.0.0.202411081344/tools/bin/../lib/gcc/arm-none-eabi/13.3.1/thumb/v7-m/nofp/crtbegin.o

.rodata         0x08004418      0x240
                0x08004418                        . = ALIGN (0x4)
 *(.rodata)
 .rodata        0x08004418       0x17 ./Core/Src/main.o
 *(.rodata*)
 *fill*         0x0800442f        0x1 
 .rodata.nrf_addr
                0x08004430        0x5 ./Core/Src/main.o
 *fill*         0x08004435        0x3 
 .rodata.Font5x7
                0x08004438      0x1e0 ./Core/Src/ssd1306.o
 .rodata.AHBPrescTable
                0x08004618       0x10 ./Core/Src/system_stm32f1xx.o
                0x08004618                AHBPrescTable
 .rodata.APBPrescTable
                0x08004628        0x8 ./Core/Src/system_stm32f1xx.o
                0x08004628                APBPrescTable
 .rodata.aPLLMULFactorTable.1
                0x08004630       0x10 ./Drivers/STM32F1xx_HAL_Driver/Src/stm32f1xx_hal_rcc.o
 .rodata.aPredivFactorTable.0
                0x08004640        0x2 ./Drivers/STM32F1xx_HAL_Driver/Src/stm32f1xx_hal_rcc.o
 *fill*         0x08004642        0x2 
 .rodata.aPLLMULFactorTable.1
                0x08004644       0x10 ./Drivers/STM32F1xx_HAL_Driver/Src/stm32f1xx_hal_rcc_ex.o
 .rodata.aPredivFactorTable.0
                0x08004654        0x2 ./Drivers/STM32F1xx_HAL_Driver/Src/stm32f1xx_hal_rcc_ex.o
                0x08004658                        . = ALIGN (0x4)
 *fill*         0x08004656        0x2 

.ARM.extab      0x08004658        0x0
                0x08004658                        . = ALIGN (0x4)
 *(.ARM.extab* .gnu.linkonce.armextab.*)
                0x08004658                        . = ALIGN (0x4)

.ARM            0x08004658        0x0
                0x08004658                        . = ALIGN (0x4)
                0x08004658                        __exidx_start = .
 *(.ARM.exidx*)
                0x08004658                        __exidx_end = .
                0x08004658                        . = ALIGN (0x4)

.preinit_array  0x08004658        0x0
                0x08004658                        . = ALIGN (0x4)
                0x08004658                        PROVIDE (__preinit_array_start = .)
 *(.preinit_array*)
                0x08004658                        PROVIDE (__preinit_array_end = .)
                0x08004658                        . = ALIGN (0x4)

.init_array     0x08004658        0x4
                0x08004658                        . = ALIGN (0x4)
                0x08004658                        PROVIDE (__init_array_start = .)
 *(SORT_BY_NAME(.init_array.*))
 *(.init_array*)
 .init_array    0x08004658        0x4 C:/ST/STM32CubeIDE_1.19.0/STM32CubeIDE/plugins/com.st.stm32cube.ide.mcu.externaltools.gnu-tools-for-stm32.13.3.rel1.win32_1.0.0.202411081344/tools/bin/../lib/gcc/arm-none-eabi/13.3.1/thumb/v7-m/nofp/crtbegin.o
                0x0800465c                        PROVIDE (__init_array_end = .)
                0x0800465c                        . = ALIGN (0x4)

.fini_array     0x0800465c        0x4
                0x0800465c                        . = ALIGN (0x4)
                [!provide]                        PROVIDE (__fini_array_start = .)
 *(SORT_BY_NAME(.fini_array.*))
 *(.fini_array*)
 .fini_array    0x0800465c        0x4 C:/ST/STM32CubeIDE_1.19.0/STM32CubeIDE/plugins/com.st.stm32cube.ide.mcu.externaltools.gnu-tools-for-stm32.13.3.rel1.win32_1.0.0.202411081344/tools/bin/../lib/gcc/arm-none-eabi/13.3.1/thumb/v7-m/nofp/crtbegin.o
                [!provide]                        PROVIDE (__fini_array_end = .)
                0x08004660                        . = ALIGN (0x4)
                0x08004660                        _sidata = LOADADDR (.data)

.rel.dyn        0x08004660        0x0
 .rel.iplt      0x08004660        0x0 C:/ST/STM32CubeIDE_1.19.0/STM32CubeIDE/plugins/com.st.stm32cube.ide.mcu.externaltools.gnu-tools-for-stm32.13.3.rel1.win32_1.0.0.202411081344/tools/bin/../lib/gcc/arm-none-eabi/13.3.1/thumb/v7-m/nofp/crtbegin.o

.data           0x20000000       0x18 load address 0x08004660
                0x20000000                        . = ALIGN (0x4)
                0x20000000                        _sdata = .
 *(.data)
 *(.data*)
 .data.ssd1306  0x20000000        0xa ./Core/Src/ssd1306.o
                0x20000000                ssd1306
 *fill*         0x2000000a        0x2 
 .data.SystemCoreClock
                0x2000000c        0x4 ./Core/Src/system_stm32f1xx.o
                0x2000000c                SystemCoreClock
 .data.uwTickPrio
                0x20000010        0x4 ./Drivers/STM32F1xx_HAL_Driver/Src/stm32f1xx_hal.o
                0x20000010                uwTickPrio
 .data.uwTickFreq
                0x20000014        0x1 ./Drivers/STM32F1xx_HAL_Driver/Src/stm32f1xx_hal.o
                0x20000014                uwTickFreq
 *(.RamFunc)
 *(.RamFunc*)
                0x20000018                        . = ALIGN (0x4)
 *fill*         0x20000015        0x3 
                0x20000018                        _edata = .

.igot.plt       0x20000018        0x0 load address 0x08004678
 .igot.plt      0x20000018        0x0 C:/ST/STM32CubeIDE_1.19.0/STM32CubeIDE/plugins/com.st.stm32cube.ide.mcu.externaltools.gnu-tools-for-stm32.13.3.rel1.win32_1.0.0.202411081344/tools/bin/../lib/gcc/arm-none-eabi/13.3.1/thumb/v7-m/nofp/crtbegin.o
                0x20000018                        . = ALIGN (0x4)

.bss            0x20000018      0x920 load address 0x08004678
                0x20000018                        _sbss = .
                0x20000018                        __bss_start__ = _sbss
 *(.bss)
 .bss           0x20000018       0x1c C:/ST/STM32CubeIDE_1.19.0/STM32CubeIDE/plugins/com.st.stm32cube.ide.mcu.externaltools.gnu-tools-for-stm32.13.3.rel1.win32_1.0.0.202411081344/tools/bin/../lib/gcc/arm-none-eabi/13.3.1/thumb/v7-m/nofp/crtbegin.o
 *(.bss*)
 .bss.nrf       0x20000034       0x14 ./Core/Src/main.o
                0x20000034                nrf
 .bss.rx_tokens
                0x20000048      0x3c0 ./Core/Src/main.o
 .bss.rx_got    0x20000408       0x20 ./Core/Src/main.o
 .bss.rx_total  0x20000428        0x1 ./Core/Src/main.o
 .bss.rx_frame  0x20000429        0x1 ./Core/Src/main.o
 .bss.rx_count  0x2000042a        0x2 ./Core/Src/main.o
 .bss.hi2c1     0x2000042c       0x54 ./Core/Src/main.o
                0x2000042c                hi2c1
 .bss.hrtc      0x20000480       0x14 ./Core/Src/main.o
                0x20000480                hrtc
 .bss.hspi1     0x20000494       0x58 ./Core/Src/main.o
                0x20000494                hspi1
 .bss.htim4     0x200004ec       0x48 ./Core/Src/main.o
                0x200004ec                htim4
 .bss.ssd1306_buffer
                0x20000534      0x400 ./Core/Src/ssd1306.o
 .bss.uwTick    0x20000934        0x4 ./Drivers/STM32F1xx_HAL_Driver/Src/stm32f1xx_hal.o
                0x20000934                uwTick
 *(COMMON)
                0x20000938                        . = ALIGN (0x4)
                0x20000938                        _ebss = .
                0x20000938                        __bss_end__ = _ebss

._user_heap_stack
                0x20000938      0x600 load address 0x08004678
                0x20000938                        . = ALIGN (0x8)
                [!provide]                        PROVIDE (end = .)
                0x20000938                        PROVIDE (_end = .)
                0x20000b38                        . = (. + _Min_Heap_Size)
 *fill*         0x20000938      0x200 
                0x20000f38                        . = (. + _Min_Stack_Size)
 *fill*         0x20000b38      0x400 
                0x20000f38                        . = ALIGN (0x8)

/DISCARD/
 libc.a(*)
 libm.a(*)
 libgcc.a(*)

.ARM.attributes
                0x00000000       0x29
 *(.ARM.attributes)
 .ARM.attributes
                0x00000000       0x1d C:/ST/STM32CubeIDE_1.19.0/STM32CubeIDE/plugins/com.st.stm32cube.ide.mcu.externaltools.gnu-tools-for-stm32.13.3.rel1.win32_1.0.0.202411081344/tools/bin/../lib/gcc/arm-none-eabi/13.3.1/thumb/v7-m/nofp/crti.o
 .ARM.attributes
                0x0000001d       0x2d C:/ST/STM32CubeIDE_1.19.0/STM32CubeIDE/plugins/com.st.stm32cube.ide.mcu.externaltools.gnu-tools-for-stm32.13.3.rel1.win32_1.0.0.202411081344/tools/bin/../lib/gcc/arm-none-eabi/13.3.1/thumb/v7-m/nofp/crtbegin.o
 .ARM.attributes
                0x0000004a       0x2d ./Core/Src/main.o
 .ARM.attributes
                0x00000077       0x2d ./Core/Src/nrf24l01.o
 .ARM.attributes
                0x000000a4       0x2d ./Core/Src/ssd1306.o
 .ARM.attributes
                0x000000d1       0x2d ./Core/Src/stm32f1xx_hal_msp.o
 .ARM.attributes
                0x000000fe       0x2d ./Core/Src/stm32f1xx_it.o
 .ARM.attributes
                0x0000012b       0x2d ./Core/Src/system_stm32f1xx.o
 .ARM.attributes
                0x00000158       0x21 ./Core/Startup/startup_stm32f103c8tx.o
 .ARM.attributes
                0x00000179       0x2d ./Drivers/STM32F1xx_HAL_Driver/Src/stm32f1xx_hal.o
 .ARM.attributes
                0x000001a6       0x2d ./Drivers/STM32F1xx_HAL_Driver/Src/stm32f1xx_hal_cortex.o
 .ARM.attributes
                0x000001d3       0x2d ./Drivers/STM32F1xx_HAL_Driver/Src/stm32f1xx_hal_gpio.o
 .ARM.attributes
                0x00000200       0x2d ./Drivers/STM32F1xx_HAL_Driver/Src/stm32f1xx_hal_i2c.o
 .ARM.attributes
                0x0000022d       0x2d ./Drivers/STM32F1xx_HAL_Driver/Src/stm32f1xx_hal_pwr.o
 .ARM.attributes
                0x0000025a       0x2d ./Drivers/STM32F1xx_HAL_Driver/Src/stm32f1xx_hal_rcc.o
 .ARM.attributes
                0x00000287       0x2d ./Drivers/STM32F1xx_HAL_Driver/Src/stm32f1xx_hal_rcc_ex.o
 .ARM.attributes
                0x000002b4       0x2d ./Drivers/STM32F1xx_HAL_Driver/Src/stm32f1xx_hal_rtc.o
 .ARM.attributes
                0x000002e1       0x2d ./Drivers/STM32F1xx_HAL_Driver/Src/stm32f1xx_hal_spi.o
 .ARM.attributes
                0x0000030e       0x2d ./Drivers/STM32F1xx_HAL_Driver/Src/stm32f1xx_hal_tim.o
 .ARM.attributes
                0x0000033b       0x2d ./Drivers/STM32F1xx_HAL_Driver/Src/stm32f1xx_hal_tim_ex.o
 .ARM.attributes
                0x00000368       0x2d C:/ST/STM32CubeIDE_1.19.0/STM32CubeIDE/plugins/com.st.stm32cube.ide.mcu.externaltools.gnu-tools-for-stm32.13.3.rel1.win32_1.0.0.202411081344/tools/bin/../lib/gcc/arm-none-eabi/13.3.1/../../../../arm-none-eabi/lib/thumb/v7-m/nofp\libc_nano.a(libc_a-memset.o)
 .ARM.attributes
                0x00000395       0x2d C:/ST/STM32CubeIDE_1.19.0/STM32CubeIDE/plugins/com.st.stm32cube.ide.mcu.externaltools.gnu-tools-for-stm32.13.3.rel1.win32_1.0.0.202411081344/tools/bin/../lib/gcc/arm-none-eabi/13.3.1/../../../../arm-none-eabi/lib/thumb/v7-m/nofp\libc_nano.a(libc_a-strncpy.o)
 .ARM.attributes
                0x000003c2       0x2d C:/ST/STM32CubeIDE_1.19.0/STM32CubeIDE/plugins/com.st.stm32cube.ide.mcu.externaltools.gnu-tools-for-stm32.13.3.rel1.win32_1.0.0.202411081344/tools/bin/../lib/gcc/arm-none-eabi/13.3.1/../../../../arm-none-eabi/lib/thumb/v7-m/nofp\libc_nano.a(libc_a-init.o)
 .ARM.attributes
                0x000003ef       0x2d C:/ST/STM32CubeIDE_1.19.0/STM32CubeIDE/plugins/com.st.stm32cube.ide.mcu.externaltools.gnu-tools-for-stm32.13.3.rel1.win32_1.0.0.202411081344/tools/bin/../lib/gcc/arm-none-eabi/13.3.1/../../../../arm-none-eabi/lib/thumb/v7-m/nofp\libc_nano.a(libc_a-memcpy-stub.o)
 .ARM.attributes
                0x0000041c       0x1d C:/ST/STM32CubeIDE_1.19.0/STM32CubeIDE/plugins/com.st.stm32cube.ide.mcu.externaltools.gnu-tools-for-stm32.13.3.rel1.win32_1.0.0.202411081344/tools/bin/../lib/gcc/arm-none-eabi/13.3.1/thumb/v7-m/nofp/crtn.o
OUTPUT(STMF103_NRF24L01_TX_RX.elf elf32-littlearm)
LOAD linker stubs
LOAD C:/ST/STM32CubeIDE_1.19.0/STM32CubeIDE/plugins/com.st.stm32cube.ide.mcu.externaltools.gnu-tools-for-stm32.13.3.rel1.win32_1.0.0.202411081344/tools/bin/../lib/gcc/arm-none-eabi/13.3.1/../../../../arm-none-eabi/lib/thumb/v7-m/nofp\libc.a
LOAD C:/ST/STM32CubeIDE_1.19.0/STM32CubeIDE/plugins/com.st.stm32cube.ide.mcu.externaltools.gnu-tools-for-stm32.13.3.rel1.win32_1.0.0.202411081344/tools/bin/../lib/gcc/arm-none-eabi/13.3.1/../../../../arm-none-eabi/lib/thumb/v7-m/nofp\libm.a
LOAD C:/ST/STM32CubeIDE_1.19.0/STM32CubeIDE/plugins/com.st.stm32cube.ide.mcu.externaltools.gnu-tools-for-stm32.13.3.rel1.win32_1.0.0.202411081344/tools/bin/../lib/gcc/arm-none-eabi/13.3.1/thumb/v7-m/nofp\libgcc.a

.debug_info     0x00000000     0xf8c3
 .debug_info    0x00000000     0x182e ./Core/Src/main.o
 .debug_info    0x0000182e      0xb95 ./Core/Src/nrf24l01.o
 .debug_info    0x000023c3      0xcb1 ./Core/Src/ssd1306.o
 .debug_info    0x00003074     0x12b1 ./Core/Src/stm32f1xx_hal_msp.o
 .debug_info    0x00004325      0x6a1 ./Core/Src/stm32f1xx_it.o
 .debug_info    0x000049c6      0x222 ./Core/Src/system_stm32f1xx.o
 .debug_info    0x00004be8       0x30 ./Core/Startup/startup_stm32f103c8tx.o
 .debug_info    0x00004c18      0x704 ./Drivers/STM32F1xx_HAL_Driver/Src/stm32f1xx_hal.o
 .debug_info    0x0000531c      0xa87 ./Drivers/STM32F1xx_HAL_Driver/Src/stm32f1xx_hal_cortex.o
 .debug_info    0x00005da3      0x5ab ./Drivers/STM32F1xx_HAL_Driver/Src/stm32f1xx_hal_gpio.o
 .debug_info    0x0000634e     0x2524 ./Drivers/STM32F1xx_HAL_Driver/Src/stm32f1xx_hal_i2c.o
 .debug_info    0x00008872      0x628 ./Drivers/STM32F1xx_HAL_Driver/Src/stm32f1xx_hal_pwr.o
 .debug_info    0x00008e9a      0x7d5 ./Drivers/STM32F1xx_HAL_Driver/Src/stm32f1xx_hal_rcc.o
 .debug_info    0x0000966f      0x3c0 ./Drivers/STM32F1xx_HAL_Driver/Src/stm32f1xx_hal_rcc_ex.o
 .debug_info    0x00009a2f      0xc73 ./Drivers/STM32F1xx_HAL_Driver/Src/stm32f1xx_hal_rtc.o
 .debug_info    0x0000a6a2     0x142d ./Drivers/STM32F1xx_HAL_Driver/Src/stm32f1xx_hal_spi.o
 .debug_info    0x0000bacf     0x2959 ./Drivers/STM32F1xx_HAL_Driver/Src/stm32f1xx_hal_tim.o
 .debug_info    0x0000e428     0x149b ./Drivers/STM32F1xx_HAL_Driver/Src/stm32f1xx_hal_tim_ex.o

.debug_abbrev   0x00000000     0x26d3
 .debug_abbrev  0x00000000      0x331 ./Core/Src/main.o
 .debug_abbrev  0x00000331      0x269 ./Core/Src/nrf24l01.o
 .debug_abbrev  0x0000059a      0x2b5 ./Core/Src/ssd1306.o
 .debug_abbrev  0x0000084f      0x24c ./Core/Src/stm32f1xx_hal_msp.o
 .debug_abbrev  0x00000a9b      0x191 ./Core/Src/stm32f1xx_it.o
 .debug_abbrev  0x00000c2c      0x13f ./Core/Src/system_stm32f1xx.o
 .debug_abbrev  0x00000d6b       0x24 ./Core/Startup/startup_stm32f103c8tx.o
 .debug_abbrev  0x00000d8f      0x201 ./Drivers/STM32F1xx_HAL_Driver/Src/stm32f1xx_hal.o
 .debug_abbrev  0x00000f90      0x2f8 ./Drivers/STM32F1xx_HAL_Driver/Src/stm32f1xx_hal_cortex.o
 .debug_abbrev  0x00001288      0x1ca ./Drivers/STM32F1xx_HAL_Driver/Src/stm32f1xx_hal_gpio.o
 .debug_abbrev  0x00001452      0x2a3 ./Drivers/STM32F1xx_HAL_Driver/Src/stm32f1xx_hal_i2c.o
 .debug_abbrev  0x000016f5      0x1f6 ./Drivers/STM32F1xx_HAL_Driver/Src/stm32f1xx_hal_pwr.o
 .debug_abbrev  0x000018eb      0x2b3 ./Drivers/STM32F1xx_HAL_Driver/Src/stm32f1xx_hal_rcc.o
 .debug_abbrev  0x00001b9e      0x188 ./Drivers/STM32F1xx_HAL_Driver/Src/stm32f1xx_hal_rcc_ex.o
 .debug_abbrev  0x00001d26      0x23a ./Drivers/STM32F1xx_HAL_Driver/Src/stm32f1xx_hal_rtc.o
 .debug_abbrev  0x00001f60      0x27a ./Drivers/STM32F1xx_HAL_Driver/Src/stm32f1xx_hal_spi.o
 .debug_abbrev  0x000021da      0x277 ./Drivers/STM32F1xx_HAL_Driver/Src/stm32f1xx_hal_tim.o
 .debug_abbrev  0x00002451      0x282 ./Drivers/STM32F1xx_HAL_Driver/Src/stm32f1xx_hal_tim_ex.o

.debug_aranges  0x00000000     0x1138
 .debug_aranges
                0x00000000       0x80 ./Core/Src/main.o
 .debug_aranges
                0x00000080       0xa8 ./Core/Src/nrf24l01.o
 .debug_aranges
                0x00000128       0xb0 ./Core/Src/ssd1306.o
 .debug_aranges
                0x000001d8       0x60 ./Core/Src/stm32f1xx_hal_msp.o
 .debug_aranges
                0x00000238       0x68 ./Core/Src/stm32f1xx_it.o
 .debug_aranges
                0x000002a0       0x28 ./Core/Src/system_stm32f1xx.o
 .debug_aranges
                0x000002c8       0x28 ./Core/Startup/startup_stm32f103c8tx.o
 .debug_aranges
                0x000002f0       0xe0 ./Drivers/STM32F1xx_HAL_Driver/Src/stm32f1xx_hal.o
 .debug_aranges
                0x000003d0      0x100 ./Drivers/STM32F1xx_HAL_Driver/Src/stm32f1xx_hal_cortex.o
 .debug_aranges
                0x000004d0       0x58 ./Drivers/STM32F1xx_HAL_Driver/Src/stm32f1xx_hal_gpio.o
 .debug_aranges
                0x00000528      0x2a8 ./Drivers/STM32F1xx_HAL_Driver/Src/stm32f1xx_hal_i2c.o
 .debug_aranges
                0x000007d0       0xa8 ./Drivers/STM32F1xx_HAL_Driver/Src/stm32f1xx_hal_pwr.o
 .debug_aranges
                0x00000878       0x90 ./Drivers/STM32F1xx_HAL_Driver/Src/stm32f1xx_hal_rcc.o
 .debug_aranges
                0x00000908       0x30 ./Drivers/STM32F1xx_HAL_Driver/Src/stm32f1xx_hal_rcc_ex.o
 .debug_aranges
                0x00000938       0xf8 ./Drivers/STM32F1xx_HAL_Driver/Src/stm32f1xx_hal_rtc.o
 .debug_aranges
                0x00000a30      0x1d0 ./Drivers/STM32F1xx_HAL_Driver/Src/stm32f1xx_hal_spi.o
 .debug_aranges
                0x00000c00      0x3d0 ./Drivers/STM32F1xx_HAL_Driver/Src/stm32f1xx_hal_tim.o
 .debug_aranges
                0x00000fd0      0x168 ./Drivers/STM32F1xx_HAL_Driver/Src/stm32f1xx_hal_tim_ex.o

.debug_rnglists
                0x00000000      0xd7b
 .debug_rnglists
                0x00000000       0x61 ./Core/Src/main.o
 .debug_rnglists
                0x00000061       0x7b ./Core/Src/nrf24l01.o
 .debug_rnglists
                0x000000dc       0x91 ./Core/Src/ssd1306.o
 .debug_rnglists
                0x0000016d       0x44 ./Core/Src/stm32f1xx_hal_msp.o
 .debug_rnglists
                0x000001b1       0x49 ./Core/Src/stm32f1xx_it.o
 .debug_rnglists
                0x000001fa       0x1a ./Core/Src/system_stm32f1xx.o
 .debug_rnglists
                0x00000214       0x19 ./Core/Startup/startup_stm32f103c8tx.o
 .debug_rnglists
                0x0000022d       0xa3 ./Drivers/STM32F1xx_HAL_Driver/Src/stm32f1xx_hal.o
 .debug_rnglists
                0x000002d0       0xbb ./Drivers/STM32F1xx_HAL_Driver/Src/stm32f1xx_hal_cortex.o
 .debug_rnglists
                0x0000038b       0x3f ./Drivers/STM32F1xx_HAL_Driver/Src/stm32f1xx_hal_gpio.o
 .debug_rnglists
                0x000003ca      0x23c ./Drivers/STM32F1xx_HAL_Driver/Src/stm32f1xx_hal_i2c.o
 .debug_rnglists
                0x00000606       0x7a ./Drivers/STM32F1xx_HAL_Driver/Src/stm32f1xx_hal_pwr.o
 .debug_rnglists
                0x00000680       0x6c ./Drivers/STM32F1xx_HAL_Driver/Src/stm32f1xx_hal_rcc.o
 .debug_rnglists
                0x000006ec       0x21 ./Drivers/STM32F1xx_HAL_Driver/Src/stm32f1xx_hal_rcc_ex.o
 .debug_rnglists
                0x0000070d       0xc1 ./Drivers/STM32F1xx_HAL_Driver/Src/stm32f1xx_hal_rtc.o
 .debug_rnglists
                0x000007ce      0x16e ./Drivers/STM32F1xx_HAL_Driver/Src/stm32f1xx_hal_spi.o
 .debug_rnglists
                0x0000093c      0x31a ./Drivers/STM32F1xx_HAL_Driver/Src/stm32f1xx_hal_tim.o
 .debug_rnglists
                0x00000c56      0x125 ./Drivers/STM32F1xx_HAL_Driver/Src/stm32f1xx_hal_tim_ex.o

.debug_macro    0x00000000    0x19362
 .debug_macro   0x00000000      0x4ae ./Core/Src/main.o
 .debug_macro   0x000004ae      0xacc ./Core/Src/main.o
 .debug_macro   0x00000f7a      0x227 ./Core/Src/main.o
 .debug_macro   0x000011a1       0x2e ./Core/Src/main.o
 .debug_macro   0x000011cf       0x22 ./Core/Src/main.o
 .debug_macro   0x000011f1       0x22 ./Core/Src/main.o
 .debug_macro   0x00001213       0x8e ./Core/Src/main.o
 .debug_macro   0x000012a1       0x51 ./Core/Src/main.o
 .debug_macro   0x000012f2      0x103 ./Core/Src/main.o
 .debug_macro   0x000013f5       0x6a ./Core/Src/main.o
 .debug_macro   0x0000145f      0x1df ./Core/Src/main.o
 .debug_macro   0x0000163e       0x1c ./Core/Src/main.o
 .debug_macro   0x0000165a       0x22 ./Core/Src/main.o
 .debug_macro   0x0000167c       0xbd ./Core/Src/main.o
 .debug_macro   0x00001739      0xd23 ./Core/Src/main.o
 .debug_macro   0x0000245c     0xe09e ./Core/Src/main.o
 .debug_macro   0x000104fa       0x6d ./Core/Src/main.o
 .debug_macro   0x00010567     0x34a2 ./Core/Src/main.o
 .debug_macro   0x00013a09      0x190 ./Core/Src/main.o
 .debug_macro   0x00013b99       0x5c ./Core/Src/main.o
 .debug_macro   0x00013bf5      0x5bc ./Core/Src/main.o
 .debug_macro   0x000141b1      0x289 ./Core/Src/main.o
 .debug_macro   0x0001443a      0x1cb ./Core/Src/main.o
 .debug_macro   0x00014605      0x114 ./Core/Src/main.o
 .debug_macro   0x00014719      0x1b2 ./Core/Src/main.o
 .debug_macro   0x000148cb       0x27 ./Core/Src/main.o
 .debug_macro   0x000148f2      0x136 ./Core/Src/main.o
 .debug_macro   0x00014a28      0x1bc ./Core/Src/main.o
 .debug_macro   0x00014be4       0x34 ./Core/Src/main.o
 .debug_macro   0x00014c18       0x3c ./Core/Src/main.o
 .debug_macro   0x00014c54       0x57 ./Core/Src/main.o
 .debug_macro   0x00014cab       0x87 ./Core/Src/main.o
 .debug_macro   0x00014d32      0x240 ./Core/Src/main.o
 .debug_macro   0x00014f72      0x287 ./Core/Src/main.o
 .debug_macro   0x000151f9      0x140 ./Core/Src/main.o
 .debug_macro   0x00015339      0x1ef ./Core/Src/main.o
 .debug_macro   0x00015528       0xeb ./Core/Src/main.o
 .debug_macro   0x00015613      0x217 ./Core/Src/main.o
 .debug_macro   0x0001582a      0x8ed ./Core/Src/main.o
 .debug_macro   0x00016117       0x83 ./Core/Src/main.o
 .debug_macro   0x0001619a       0x28 ./Core/Src/main.o
 .debug_macro   0x000161c2       0x61 ./Core/Src/main.o
 .debug_macro   0x00016223       0x24 ./Core/Src/main.o
 .debug_macro   0x00016247       0x43 ./Core/Src/main.o
 .debug_macro   0x0001628a       0x34 ./Core/Src/main.o
 .debug_macro   0x000162be      0x370 ./Core/Src/main.o
 .debug_macro   0x0001662e       0x16 ./Core/Src/main.o
 .debug_macro   0x00016644       0x4a ./Core/Src/main.o
 .debug_macro   0x0001668e       0x34 ./Core/Src/main.o
 .debug_macro   0x000166c2       0x10 ./Core/Src/main.o
 .debug_macro   0x000166d2       0x58 ./Core/Src/main.o
 .debug_macro   0x0001672a       0x8e ./Core/Src/main.o
 .debug_macro   0x000167b8       0x1c ./Core/Src/main.o
 .debug_macro   0x000167d4      0x185 ./Core/Src/main.o
 .debug_macro   0x00016959       0x10 ./Core/Src/main.o
 .debug_macro   0x00016969       0x3c ./Core/Src/main.o
 .debug_macro   0x000169a5       0x20 ./Core/Src/main.o
 .debug_macro   0x000169c5       0x1c ./Core/Src/main.o
 .debug_macro   0x000169e1       0x10 ./Core/Src/main.o
 .debug_macro   0x000169f1       0x1c ./Core/Src/main.o
 .debug_macro   0x00016a0d       0x16 ./Core/Src/main.o
 .debug_macro   0x00016a23      0x146 ./Core/Src/main.o
 .debug_macro   0x00016b69       0x22 ./Core/Src/main.o
 .debug_macro   0x00016b8b       0x16 ./Core/Src/main.o
 .debug_macro   0x00016ba1       0x16 ./Core/Src/main.o
 .debug_macro   0x00016bb7       0x29 ./Core/Src/main.o
 .debug_macro   0x00016be0      0x19b ./Core/Src/main.o
 .debug_macro   0x00016d7b       0x16 ./Core/Src/main.o
 .debug_macro   0x00016d91       0x10 ./Core/Src/main.o
 .debug_macro   0x00016da1       0x10 ./Core/Src/main.o
 .debug_macro   0x00016db1       0x10 ./Core/Src/main.o
 .debug_macro   0x00016dc1       0x1c ./Core/Src/main.o
 .debug_macro   0x00016ddd       0x52 ./Core/Src/main.o
 .debug_macro   0x00016e2f       0x22 ./Core/Src/main.o
 .debug_macro   0x00016e51       0x10 ./Core/Src/main.o
 .debug_macro   0x00016e61       0x52 ./Core/Src/main.o
 .debug_macro   0x00016eb3       0xc1 ./Core/Src/main.o
 .debug_macro   0x00016f74       0x1c ./Core/Src/main.o
 .debug_macro   0x00016f90       0x3d ./Core/Src/main.o
 .debug_macro   0x00016fcd       0x35 ./Core/Src/main.o
 .debug_macro   0x00017002      0x11f ./Core/Src/main.o
 .debug_macro   0x00017121       0x7c ./Core/Src/main.o
 .debug_macro   0x0001719d       0x17 ./Core/Src/main.o
 .debug_macro   0x000171b4      0x118 ./Core/Src/main.o
 .debug_macro   0x000172cc       0xbe ./Core/Src/main.o
 .debug_macro   0x0001738a       0x2e ./Core/Src/main.o
 .debug_macro   0x000173b8      0x2a1 ./Core/Src/nrf24l01.o
 .debug_macro   0x00017659      0x2ec ./Core/Src/ssd1306.o
 .debug_macro   0x00017945      0x1d0 ./Core/Src/stm32f1xx_hal_msp.o
 .debug_macro   0x00017b15      0x1da ./Core/Src/stm32f1xx_it.o
 .debug_macro   0x00017cef      0x1c1 ./Core/Src/system_stm32f1xx.o
 .debug_macro   0x00017eb0      0x1e5 ./Drivers/STM32F1xx_HAL_Driver/Src/stm32f1xx_hal.o
 .debug_macro   0x00018095      0x1c1 ./Drivers/STM32F1xx_HAL_Driver/Src/stm32f1xx_hal_cortex.o
 .debug_macro   0x00018256      0x22c ./Drivers/STM32F1xx_HAL_Driver/Src/stm32f1xx_hal_gpio.o
 .debug_macro   0x00018482      0x20f ./Drivers/STM32F1xx_HAL_Driver/Src/stm32f1xx_hal_i2c.o
 .debug_macro   0x00018691      0x221 ./Drivers/STM32F1xx_HAL_Driver/Src/stm32f1xx_hal_pwr.o
 .debug_macro   0x000188b2      0x1d3 ./Drivers/STM32F1xx_HAL_Driver/Src/stm32f1xx_hal_rcc.o
 .debug_macro   0x00018a85      0x1c1 ./Drivers/STM32F1xx_HAL_Driver/Src/stm32f1xx_hal_rcc_ex.o
 .debug_macro   0x00018c46      0x1d0 ./Drivers/STM32F1xx_HAL_Driver/Src/stm32f1xx_hal_rtc.o
 .debug_macro   0x00018e16      0x1c9 ./Drivers/STM32F1xx_HAL_Driver/Src/stm32f1xx_hal_spi.o
 .debug_macro   0x00018fdf      0x1c2 ./Drivers/STM32F1xx_HAL_Driver/Src/stm32f1xx_hal_tim.o
 .debug_macro   0x000191a1      0x1c1 ./Drivers/STM32F1xx_HAL_Driver/Src/stm32f1xx_hal_tim_ex.o

.debug_line     0x00000000    0x13b86
 .debug_line    0x00000000      0xd74 ./Core/Src/main.o
 .debug_line    0x00000d74      0xb92 ./Core/Src/nrf24l01.o
 .debug_line    0x00001906     0x1032 ./Core/Src/ssd1306.o
 .debug_line    0x00002938      0x856 ./Core/Src/stm32f1xx_hal_msp.o
 .debug_line    0x0000318e      0x80a ./Core/Src/stm32f1xx_it.o
 .debug_line    0x00003998      0x7c2 ./Core/Src/system_stm32f1xx.o
 .debug_line    0x0000415a       0x78 ./Core/Startup/startup_stm32f103c8tx.o
 .debug_line    0x000041d2      0x9f3 ./Drivers/STM32F1xx_HAL_Driver/Src/stm32f1xx_hal.o
 .debug_line    0x00004bc5      0xbbd ./Drivers/STM32F1xx_HAL_Driver/Src/stm32f1xx_hal_cortex.o
 .debug_line    0x00005782      0xa50 ./Drivers/STM32F1xx_HAL_Driver/Src/stm32f1xx_hal_gpio.o
 .debug_line    0x000061d2     0x3bf0 ./Drivers/STM32F1xx_HAL_Driver/Src/stm32f1xx_hal_i2c.o
 .debug_line    0x00009dc2      0x997 ./Drivers/STM32F1xx_HAL_Driver/Src/stm32f1xx_hal_pwr.o
 .debug_line    0x0000a759      0xeac ./Drivers/STM32F1xx_HAL_Driver/Src/stm32f1xx_hal_rcc.o
 .debug_line    0x0000b605      0x95d ./Drivers/STM32F1xx_HAL_Driver/Src/stm32f1xx_hal_rcc_ex.o
 .debug_line    0x0000bf62     0x1202 ./Drivers/STM32F1xx_HAL_Driver/Src/stm32f1xx_hal_rtc.o
 .debug_line    0x0000d164     0x1c8a ./Drivers/STM32F1xx_HAL_Driver/Src/stm32f1xx_hal_spi.o
 .debug_line    0x0000edee     0x34e1 ./Drivers/STM32F1xx_HAL_Driver/Src/stm32f1xx_hal_tim.o
 .debug_line    0x000122cf     0x18b7 ./Drivers/STM32F1xx_HAL_Driver/Src/stm32f1xx_hal_tim_ex.o

.debug_str      0x00000000    0x90b0e
 .debug_str     0x00000000    0x90b0e ./Core/Src/main.o
                              0x8d10e (size before relaxing)
 .debug_str     0x00090b0e    0x89c81 ./Core/Src/nrf24l01.o
 .debug_str     0x00090b0e    0x89d93 ./Core/Src/ssd1306.o
 .debug_str     0x00090b0e    0x87181 ./Core/Src/stm32f1xx_hal_msp.o
 .debug_str     0x00090b0e    0x867ff ./Core/Src/stm32f1xx_it.o
 .debug_str     0x00090b0e    0x862a7 ./Core/Src/system_stm32f1xx.o
 .debug_str     0x00090b0e       0x8e ./Core/Startup/startup_stm32f103c8tx.o
 .debug_str     0x00090b0e    0x869da ./Drivers/STM32F1xx_HAL_Driver/Src/stm32f1xx_hal.o
 .debug_str     0x00090b0e    0x86926 ./Drivers/STM32F1xx_HAL_Driver/Src/stm32f1xx_hal_cortex.o
 .debug_str     0x00090b0e    0x8662d ./Drivers/STM32F1xx_HAL_Driver/Src/stm32f1xx_hal_gpio.o
 .debug_str     0x00090b0e    0x8736e ./Drivers/STM32F1xx_HAL_Driver/Src/stm32f1xx_hal_i2c.o
 .debug_str     0x00090b0e    0x867de ./Drivers/STM32F1xx_HAL_Driver/Src/stm32f1xx_hal_pwr.o
 .debug_str     0x00090b0e    0x866d6 ./Drivers/STM32F1xx_HAL_Driver/Src/stm32f1xx_hal_rcc.o
 .debug_str     0x00090b0e    0x86426 ./Drivers/STM32F1xx_HAL_Driver/Src/stm32f1xx_hal_rcc_ex.o
 .debug_str     0x00090b0e    0x867b2 ./Drivers/STM32F1xx_HAL_Driver/Src/stm32f1xx_hal_rtc.o
 .debug_str     0x00090b0e    0x86bcd ./Drivers/STM32F1xx_HAL_Driver/Src/stm32f1xx_hal_spi.o
 .debug_str     0x00090b0e    0x876d8 ./Drivers/STM32F1xx_HAL_Driver/Src/stm32f1xx_hal_tim.o
 .debug_str     0x00090b0e    0x86ee4 ./Drivers/STM32F1xx_HAL_Driver/Src/stm32f1xx_hal_tim_ex.o

.comment        0x00000000       0x43
 .comment       0x00000000       0x43 ./Core/Src/main.o
                                 0x44 (size before relaxing)
 .comment       0x00000043       0x44 ./Core/Src/nrf24l01.o
 .comment       0x00000043       0x44 ./Core/Src/ssd1306.o
 .comment       0x00000043       0x44 ./Core/Src/stm32f1xx_hal_msp.o
 .comment       0x00000043       0x44 ./Core/Src/stm32f1xx_it.o
 .comment       0x00000043       0x44 ./Core/Src/system_stm32f1xx.o
 .comment       0x00000043       0x44 ./Drivers/STM32F1xx_HAL_Driver/Src/stm32f1xx_hal.o
 .comment       0x00000043       0x44 ./Drivers/STM32F1xx_HAL_Driver/Src/stm32f1xx_hal_cortex.o
 .comment       0x00000043       0x44 ./Drivers/STM32F1xx_HAL_Driver/Src/stm32f1xx_hal_gpio.o
 .comment       0x00000043       0x44 ./Drivers/STM32F1xx_HAL_Driver/Src/stm32f1xx_hal_i2c.o
 .comment       0x00000043       0x44 ./Drivers/STM32F1xx_HAL_Driver/Src/stm32f1xx_hal_pwr.o
 .comment       0x00000043       0x44 ./Drivers/STM32F1xx_HAL_Driver/Src/stm32f1xx_hal_rcc.o
 .comment       0x00000043       0x44 ./Drivers/STM32F1xx_HAL_Driver/Src/stm32f1xx_hal_rcc_ex.o
 .comment       0x00000043       0x44 ./Drivers/STM32F1xx_HAL_Driver/Src/stm32f1xx_hal_rtc.o
 .comment       0x00000043       0x44 ./Drivers/STM32F1xx_HAL_Driver/Src/stm32f1xx_hal_spi.o
 .comment       0x00000043       0x44 ./Drivers/STM32F1xx_HAL_Driver/Src/stm32f1xx_hal_tim.o
 .comment       0x00000043       0x44 ./Drivers/STM32F1xx_HAL_Driver/Src/stm32f1xx_hal_tim_ex.o

.debug_frame    0x00000000     0x4900
 .debug_frame   0x00000000      0x1c8 ./Core/Src/main.o
 .debug_frame   0x000001c8      0x2a0 ./Core/Src/nrf24l01.o
 .debug_frame   0x00000468      0x2ac ./Core/Src/ssd1306.o
 .debug_frame   0x00000714      0x15c ./Core/Src/stm32f1xx_hal_msp.o
 .debug_frame   0x00000870      0x120 ./Core/Src/stm32f1xx_it.o
 .debug_frame   0x00000990       0x58 ./Core/Src/system_stm32f1xx.o
 .debug_frame   0x000009e8      0x334 ./Drivers/STM32F1xx_HAL_Driver/Src/stm32f1xx_hal.o
 .debug_frame   0x00000d1c      0x428 ./Drivers/STM32F1xx_HAL_Driver/Src/stm32f1xx_hal_cortex.o
 .debug_frame   0x00001144      0x14c ./Drivers/STM32F1xx_HAL_Driver/Src/stm32f1xx_hal_gpio.o
 .debug_frame   0x00001290      0xc84 ./Drivers/STM32F1xx_HAL_Driver/Src/stm32f1xx_hal_i2c.o
 .debug_frame   0x00001f14      0x270 ./Drivers/STM32F1xx_HAL_Driver/Src/stm32f1xx_hal_pwr.o
 .debug_frame   0x00002184      0x218 ./Drivers/STM32F1xx_HAL_Driver/Src/stm32f1xx_hal_rcc.o
 .debug_frame   0x0000239c       0x80 ./Drivers/STM32F1xx_HAL_Driver/Src/stm32f1xx_hal_rcc_ex.o
 .debug_frame   0x0000241c      0x434 ./Drivers/STM32F1xx_HAL_Driver/Src/stm32f1xx_hal_rtc.o
 .debug_frame   0x00002850      0x824 ./Drivers/STM32F1xx_HAL_Driver/Src/stm32f1xx_hal_spi.o
 .debug_frame   0x00003074     0x11b8 ./Drivers/STM32F1xx_HAL_Driver/Src/stm32f1xx_hal_tim.o
 .debug_frame   0x0000422c      0x638 ./Drivers/STM32F1xx_HAL_Driver/Src/stm32f1xx_hal_tim_ex.o
 .debug_frame   0x00004864       0x20 C:/ST/STM32CubeIDE_1.19.0/STM32CubeIDE/plugins/com.st.stm32cube.ide.mcu.externaltools.gnu-tools-for-stm32.13.3.rel1.win32_1.0.0.202411081344/tools/bin/../lib/gcc/arm-none-eabi/13.3.1/../../../../arm-none-eabi/lib/thumb/v7-m/nofp\libc_nano.a(libc_a-memset.o)
 .debug_frame   0x00004884       0x28 C:/ST/STM32CubeIDE_1.19.0/STM32CubeIDE/plugins/com.st.stm32cube.ide.mcu.externaltools.gnu-tools-for-stm32.13.3.rel1.win32_1.0.0.202411081344/tools/bin/../lib/gcc/arm-none-eabi/13.3.1/../../../../arm-none-eabi/lib/thumb/v7-m/nofp\libc_nano.a(libc_a-strncpy.o)
 .debug_frame   0x000048ac       0x2c C:/ST/STM32CubeIDE_1.19.0/STM32CubeIDE/plugins/com.st.stm32cube.ide.mcu.externaltools.gnu-tools-for-stm32.13.3.rel1.win32_1.0.0.202411081344/tools/bin/../lib/gcc/arm-none-eabi/13.3.1/../../../../arm-none-eabi/lib/thumb/v7-m/nofp\libc_nano.a(libc_a-init.o)
 .debug_frame   0x000048d8       0x28 C:/ST/STM32CubeIDE_1.19.0/STM32CubeIDE/plugins/com.st.stm32cube.ide.mcu.externaltools.gnu-tools-for-stm32.13.3.rel1.win32_1.0.0.202411081344/tools/bin/../lib/gcc/arm-none-eabi/13.3.1/../../../../arm-none-eabi/lib/thumb/v7-m/nofp\libc_nano.a(libc_a-memcpy-stub.o)

.debug_line_str
                0x00000000       0x72
 .debug_line_str
                0x00000000       0x72 ./Core/Startup/startup_stm32f103c8tx.o
