../Core/Src/nrf24l01.c:7:20:ce_low	0	static
../Core/Src/nrf24l01.c:6:20:csn_high	0	static
../Core/Src/nrf24l01.c:5:20:csn_low	0	static
../Core/Src/nrf24l01.c:10:16:spi_rw.isra	32	static
../Core/Src/nrf24l01.c:26:13:write_reg	16	static
../Core/Src/nrf24l01.c:57:13:clear_irqs	0	static
../Core/Src/nrf24l01.c:50:13:cmd	16	static
../Core/Src/nrf24l01.c:78:13:common_radio_setup	24	static
../Core/Src/nrf24l01.c:64:6:NRF24_Begin	16	static
../Core/Src/nrf24l01.c:107:6:NRF24_InitTX	8	static
../Core/Src/nrf24l01.c:117:6:NRF24_InitRX	8	static
../Core/Src/nrf24l01.c:128:6:NRF24_Send	24	static
../Core/Src/nrf24l01.c:172:6:NRF24_Available	16	static
../Core/Src/nrf24l01.c:178:9:NRF24_Read	24	static
