../Core/Src/ssd1306.c:23:13:ssd1306_write_command	24	static
../Core/Src/ssd1306.c:111:6:SSD1306_UpdateScreen	56	static
../Core/Src/ssd1306.c:124:6:SSD1306_Fill	0	static
../Core/Src/ssd1306.c:54:6:SSD1306_Init	16	static
../Core/Src/ssd1306.c:132:6:SSD1306_SetCursor	0	static
../Core/Src/ssd1306.c:137:6:SSD1306_DrawPixel	0	static
../Core/Src/ssd1306.c:151:6:SSD1306_WriteChar	32	static
../Core/Src/ssd1306.c:185:6:SSD1306_WriteString	24	static
../Core/Src/ssd1306.c:200:6:SSD1306_DrawLine	56	static
../Core/Src/ssd1306.c:216:6:SSD1306_DrawRectangle	32	static
../Core/Src/ssd1306.c:223:6:SSD1306_FillRectangle	40	static
../Core/Src/ssd1306.c:229:6:SSD1306_DrawBitmap	56	static
../Core/Src/ssd1306.c:245:6:SSD1306_SetContrast	8	static
../Core/Src/ssd1306.c:250:6:SSD1306_SetDisplayOn	0	static
../Core/Src/ssd1306.c:254:6:SSD1306_InvertDisplay	0	static
../Core/Src/ssd1306.c:259:6:SSD1306_Debug_AllPixelsOn	0	static
../Core/Src/ssd1306.c:264:6:SSD1306_Debug_ResumeRAM	0	static
