../Core/Src/stm32f1xx_hal_msp.c:63:6:HAL_MspInit	8	static
../Core/Src/stm32f1xx_hal_msp.c:90:6:HAL_I2C_MspInit	32	static
../Core/Src/stm32f1xx_hal_msp.c:125:6:HAL_I2C_MspDeInit	8	static
../Core/Src/stm32f1xx_hal_msp.c:156:6:HAL_RTC_MspInit	16	static
../Core/Src/stm32f1xx_hal_msp.c:182:6:HAL_RTC_MspDeInit	0	static
../Core/Src/stm32f1xx_hal_msp.c:204:6:HAL_SPI_MspInit	32	static
../Core/Src/stm32f1xx_hal_msp.c:245:6:HAL_SPI_MspDeInit	0	static
../Core/Src/stm32f1xx_hal_msp.c:275:6:HAL_TIM_Base_MspInit	16	static
../Core/Src/stm32f1xx_hal_msp.c:301:6:HAL_TIM_Base_MspDeInit	0	static
